Namespace(no_cuda=False, gpu='2', port='1532', classify='emotion', lr=1e-05, l2=0.0001, batch_size=64, epochs=100, tensorboard=True, modals='avl', dataset='MELD', textf_mode='textf0', conv_fpo=[3, 1, 1], hidden_dim=512, win=[5, 5], heter_n_layers=[6, 6, 6], drop=0.4, shift_win=3, loss_type='emo_sen_sft', lambd=[1.0, 0.5, 0.2])
torch.cuda.is_available(): True
not args.no_cuda: True
Use 1 GPUs
Running main(**args) on rank 0.
epoch: 1, train_loss: 2.5991, train_acc_emo: 24.78, train_f1_emo: 19.96, valid_loss: 2.528, valid_acc_emo: 59.01, valid_f1_emo: 47.67
test_loss: 2.5322, test_acc_emo: 53.64, test_f1_emo: 42.7, test_acc_sen: 35.59, test_f1_sen: 24.74, test_acc_sft: 68.21, test_f1_sft: 55.32, total time: 7.49 sec, 2025-05-23 16:49:35
----------------------------------------------------------------------------------------------------
epoch: 2, train_loss: 2.476, train_acc_emo: 53.24, train_f1_emo: 42.11, valid_loss: 2.3936, valid_acc_emo: 51.17, valid_f1_emo: 37.58
test_loss: 2.3989, test_acc_emo: 49.66, test_f1_emo: 34.43, test_acc_sen: 59.96, test_f1_sen: 59.91, test_acc_sft: 68.21, test_f1_sft: 55.32, total time: 6.68 sec, 2025-05-23 16:49:42
----------------------------------------------------------------------------------------------------
Allocated Memory: 286.60 MB
Reserved Memory: 1570.00 MB
All Memory: 1856.60 MB
epoch: 3, train_loss: 2.3443, train_acc_emo: 50.38, train_f1_emo: 36.41, valid_loss: 2.2438, valid_acc_emo: 47.43, valid_f1_emo: 30.52
test_loss: 2.2497, test_acc_emo: 48.12, test_f1_emo: 31.27, test_acc_sen: 67.59, test_f1_sen: 65.15, test_acc_sft: 68.21, test_f1_sft: 55.32, total time: 6.44 sec, 2025-05-23 16:49:49
----------------------------------------------------------------------------------------------------
epoch: 4, train_loss: 2.1951, train_acc_emo: 47.64, train_f1_emo: 31.31, valid_loss: 2.0893, valid_acc_emo: 47.43, valid_f1_emo: 30.52
test_loss: 2.0965, test_acc_emo: 48.12, test_f1_emo: 31.27, test_acc_sen: 58.54, test_f1_sen: 50.79, test_acc_sft: 68.21, test_f1_sft: 55.32, total time: 6.25 sec, 2025-05-23 16:49:55
----------------------------------------------------------------------------------------------------
epoch: 5, train_loss: 2.0601, train_acc_emo: 47.18, train_f1_emo: 30.28, valid_loss: 1.9835, valid_acc_emo: 47.43, valid_f1_emo: 30.52
test_loss: 1.9961, test_acc_emo: 48.12, test_f1_emo: 31.27, test_acc_sen: 51.49, test_f1_sen: 38.16, test_acc_sft: 68.21, test_f1_sft: 55.32, total time: 6.56 sec, 2025-05-23 16:50:03
----------------------------------------------------------------------------------------------------
epoch: 6, train_loss: 1.9714, train_acc_emo: 47.88, train_f1_emo: 31.78, valid_loss: 1.9012, valid_acc_emo: 50.23, valid_f1_emo: 35.98
test_loss: 1.9223, test_acc_emo: 49.16, test_f1_emo: 33.45, test_acc_sen: 51.99, test_f1_sen: 39.13, test_acc_sft: 68.21, test_f1_sft: 55.32, total time: 6.6 sec, 2025-05-23 16:50:10
----------------------------------------------------------------------------------------------------
epoch: 7, train_loss: 1.8944, train_acc_emo: 51.6, train_f1_emo: 38.26, valid_loss: 1.8229, valid_acc_emo: 55.37, valid_f1_emo: 43.38
test_loss: 1.8516, test_acc_emo: 52.03, test_f1_emo: 38.46, test_acc_sen: 58.28, test_f1_sen: 50.16, test_acc_sft: 68.21, test_f1_sft: 55.32, total time: 5.98 sec, 2025-05-23 16:50:16
----------------------------------------------------------------------------------------------------
epoch: 8, train_loss: 1.8191, train_acc_emo: 54.15, train_f1_emo: 41.92, valid_loss: 1.7454, valid_acc_emo: 59.01, valid_f1_emo: 48.8
test_loss: 1.7843, test_acc_emo: 55.13, test_f1_emo: 43.51, test_acc_sen: 63.87, test_f1_sen: 59.3, test_acc_sft: 68.21, test_f1_sft: 55.32, total time: 5.89 sec, 2025-05-23 16:50:22
----------------------------------------------------------------------------------------------------
epoch: 9, train_loss: 1.7435, train_acc_emo: 58.85, train_f1_emo: 49.68, valid_loss: 1.669, valid_acc_emo: 65.08, valid_f1_emo: 58.12
test_loss: 1.72, test_acc_emo: 59.81, test_f1_emo: 51.73, test_acc_sen: 67.93, test_f1_sen: 65.34, test_acc_sft: 68.21, test_f1_sft: 55.32, total time: 5.78 sec, 2025-05-23 16:50:28
----------------------------------------------------------------------------------------------------
epoch: 10, train_loss: 1.6701, train_acc_emo: 63.53, train_f1_emo: 56.73, valid_loss: 1.5965, valid_acc_emo: 68.35, valid_f1_emo: 62.8
test_loss: 1.6608, test_acc_emo: 63.3, test_f1_emo: 56.68, test_acc_sen: 69.54, test_f1_sen: 67.76, test_acc_sft: 68.21, test_f1_sft: 55.32, total time: 5.7 sec, 2025-05-23 16:50:34
----------------------------------------------------------------------------------------------------
              precision    recall  f1-score   support

           0     0.6327    0.9602    0.7628      1256
           1     0.6731    0.3737    0.4805       281
           2     0.0000    0.0000    0.0000        50
           3     0.0000    0.0000    0.0000       208
           4     0.6107    0.5697    0.5894       402
           5     0.0000    0.0000    0.0000        68
           6     0.6474    0.3246    0.4324       345

    accuracy                         0.6330      2610
   macro avg     0.3663    0.3183    0.3236      2610
weighted avg     0.5566    0.6330    0.5668      2610

[[1206    2    0    0   42    0    6]
 [ 118  105    0    0   39    0   19]
 [  41    2    0    0    3    0    4]
 [ 176    4    0    0   14    0   14]
 [ 160   11    0    0  229    0    2]
 [  49    1    0    0    2    0   16]
 [ 156   31    0    0   46    0  112]]
              precision    recall  f1-score   support

           0     0.6738    0.9228    0.7789      1256
           1     0.7584    0.4338    0.5519       521
           2     0.7264    0.5162    0.6035       833

    accuracy                         0.6954      2610
   macro avg     0.7195    0.6243    0.6448      2610
weighted avg     0.7075    0.6954    0.6776      2610

[[1159   27   70]
 [ 203  226   92]
 [ 358   45  430]]
----------------------------------------------------------------------------------------------------
epoch: 11, train_loss: 1.6008, train_acc_emo: 66.61, train_f1_emo: 60.83, valid_loss: 1.5289, valid_acc_emo: 70.68, valid_f1_emo: 65.65
test_loss: 1.6084, test_acc_emo: 64.56, test_f1_emo: 58.57, test_acc_sen: 71.0, test_f1_sen: 69.75, test_acc_sft: 68.21, test_f1_sft: 55.32, total time: 6.05 sec, 2025-05-23 16:50:41
----------------------------------------------------------------------------------------------------
epoch: 12, train_loss: 1.5376, train_acc_emo: 68.5, train_f1_emo: 63.11, valid_loss: 1.4681, valid_acc_emo: 71.34, valid_f1_emo: 66.54
test_loss: 1.5635, test_acc_emo: 64.87, test_f1_emo: 59.25, test_acc_sen: 71.72, test_f1_sen: 70.76, test_acc_sft: 68.21, test_f1_sft: 55.32, total time: 6.79 sec, 2025-05-23 16:50:48
----------------------------------------------------------------------------------------------------
epoch: 13, train_loss: 1.4818, train_acc_emo: 69.53, train_f1_emo: 64.42, valid_loss: 1.4151, valid_acc_emo: 71.8, valid_f1_emo: 67.29
test_loss: 1.5268, test_acc_emo: 65.29, test_f1_emo: 59.97, test_acc_sen: 72.3, test_f1_sen: 71.47, test_acc_sft: 68.21, test_f1_sft: 55.32, total time: 7.2 sec, 2025-05-23 16:50:55
----------------------------------------------------------------------------------------------------
epoch: 14, train_loss: 1.4338, train_acc_emo: 70.35, train_f1_emo: 65.51, valid_loss: 1.3701, valid_acc_emo: 72.36, valid_f1_emo: 68.02
test_loss: 1.498, test_acc_emo: 65.48, test_f1_emo: 60.6, test_acc_sen: 72.64, test_f1_sen: 71.94, test_acc_sft: 68.21, test_f1_sft: 55.32, total time: 7.06 sec, 2025-05-23 16:51:03
----------------------------------------------------------------------------------------------------
epoch: 15, train_loss: 1.3936, train_acc_emo: 70.75, train_f1_emo: 66.29, valid_loss: 1.333, valid_acc_emo: 72.74, valid_f1_emo: 68.57
test_loss: 1.476, test_acc_emo: 65.59, test_f1_emo: 61.03, test_acc_sen: 72.61, test_f1_sen: 72.01, test_acc_sft: 68.21, test_f1_sft: 55.32, total time: 6.71 sec, 2025-05-23 16:51:10
----------------------------------------------------------------------------------------------------
epoch: 16, train_loss: 1.3607, train_acc_emo: 71.16, train_f1_emo: 67.07, valid_loss: 1.3028, valid_acc_emo: 73.02, valid_f1_emo: 68.93
test_loss: 1.4597, test_acc_emo: 65.71, test_f1_emo: 61.5, test_acc_sen: 72.95, test_f1_sen: 72.46, test_acc_sft: 68.21, test_f1_sft: 55.32, total time: 6.52 sec, 2025-05-23 16:51:17
----------------------------------------------------------------------------------------------------
epoch: 17, train_loss: 1.3338, train_acc_emo: 71.71, train_f1_emo: 68.01, valid_loss: 1.2784, valid_acc_emo: 73.39, valid_f1_emo: 69.53
test_loss: 1.4479, test_acc_emo: 65.94, test_f1_emo: 62.16, test_acc_sen: 73.18, test_f1_sen: 72.78, test_acc_sft: 68.21, test_f1_sft: 55.32, total time: 6.3 sec, 2025-05-23 16:51:24
----------------------------------------------------------------------------------------------------
epoch: 18, train_loss: 1.3119, train_acc_emo: 72.0, train_f1_emo: 68.58, valid_loss: 1.2585, valid_acc_emo: 73.39, valid_f1_emo: 69.75
test_loss: 1.4393, test_acc_emo: 65.94, test_f1_emo: 62.38, test_acc_sen: 72.87, test_f1_sen: 72.53, test_acc_sft: 68.21, test_f1_sft: 55.32, total time: 6.44 sec, 2025-05-23 16:51:30
----------------------------------------------------------------------------------------------------
epoch: 19, train_loss: 1.2938, train_acc_emo: 72.26, train_f1_emo: 69.03, valid_loss: 1.2421, valid_acc_emo: 73.48, valid_f1_emo: 69.94
test_loss: 1.433, test_acc_emo: 66.28, test_f1_emo: 62.95, test_acc_sen: 72.84, test_f1_sen: 72.51, test_acc_sft: 68.21, test_f1_sft: 55.32, total time: 5.95 sec, 2025-05-23 16:51:37
----------------------------------------------------------------------------------------------------
epoch: 20, train_loss: 1.2784, train_acc_emo: 72.5, train_f1_emo: 69.42, valid_loss: 1.2284, valid_acc_emo: 74.14, valid_f1_emo: 71.13
test_loss: 1.4283, test_acc_emo: 66.32, test_f1_emo: 63.1, test_acc_sen: 73.03, test_f1_sen: 72.73, test_acc_sft: 68.21, test_f1_sft: 55.32, total time: 6.46 sec, 2025-05-23 16:51:44
----------------------------------------------------------------------------------------------------
              precision    recall  f1-score   support

           0     0.7322    0.8774    0.7983      1256
           1     0.5714    0.5694    0.5704       281
           2     0.0000    0.0000    0.0000        50
           3     0.6863    0.1683    0.2703       208
           4     0.6423    0.6343    0.6383       402
           5     0.0000    0.0000    0.0000        68
           6     0.4748    0.5188    0.4958       345

    accuracy                         0.6632      2610
   macro avg     0.4439    0.3955    0.3962      2610
weighted avg     0.6303    0.6632    0.6310      2610

[[1102   33    0    6   65    0   50]
 [  52  160    0    1   29    0   39]
 [  23    8    0    3    4    0   12]
 [ 109   14    0   35   12    0   38]
 [ 102   18    0    2  255    0   25]
 [  26    6    0    2    0    0   34]
 [  91   41    0    2   32    0  179]]
              precision    recall  f1-score   support

           0     0.7595    0.8296    0.7930      1256
           1     0.7056    0.6027    0.6501       521
           2     0.6936    0.6603    0.6765       833

    accuracy                         0.7303      2610
   macro avg     0.7196    0.6975    0.7065      2610
weighted avg     0.7277    0.7303    0.7273      2610

[[1042   61  153]
 [ 117  314   90]
 [ 213   70  550]]
----------------------------------------------------------------------------------------------------
epoch: 21, train_loss: 1.2651, train_acc_emo: 72.83, train_f1_emo: 69.91, valid_loss: 1.2168, valid_acc_emo: 74.04, valid_f1_emo: 71.08
test_loss: 1.4246, test_acc_emo: 66.25, test_f1_emo: 63.13, test_acc_sen: 73.07, test_f1_sen: 72.79, test_acc_sft: 68.21, test_f1_sft: 55.32, total time: 6.43 sec, 2025-05-23 16:51:51
----------------------------------------------------------------------------------------------------
epoch: 22, train_loss: 1.2533, train_acc_emo: 72.97, train_f1_emo: 70.18, valid_loss: 1.2067, valid_acc_emo: 74.04, valid_f1_emo: 71.11
test_loss: 1.4216, test_acc_emo: 66.28, test_f1_emo: 63.34, test_acc_sen: 73.22, test_f1_sen: 72.96, test_acc_sft: 68.21, test_f1_sft: 55.32, total time: 6.21 sec, 2025-05-23 16:51:57
----------------------------------------------------------------------------------------------------
epoch: 23, train_loss: 1.2427, train_acc_emo: 73.24, train_f1_emo: 70.53, valid_loss: 1.1979, valid_acc_emo: 74.23, valid_f1_emo: 71.31
test_loss: 1.4192, test_acc_emo: 66.17, test_f1_emo: 63.28, test_acc_sen: 73.3, test_f1_sen: 73.05, test_acc_sft: 68.21, test_f1_sft: 55.32, total time: 6.79 sec, 2025-05-23 16:52:04
----------------------------------------------------------------------------------------------------
epoch: 24, train_loss: 1.2331, train_acc_emo: 73.37, train_f1_emo: 70.74, valid_loss: 1.1902, valid_acc_emo: 74.14, valid_f1_emo: 71.27
test_loss: 1.4173, test_acc_emo: 66.05, test_f1_emo: 63.24, test_acc_sen: 73.26, test_f1_sen: 73.02, test_acc_sft: 68.21, test_f1_sft: 55.32, total time: 7.36 sec, 2025-05-23 16:52:12
----------------------------------------------------------------------------------------------------
epoch: 25, train_loss: 1.2242, train_acc_emo: 73.44, train_f1_emo: 70.87, valid_loss: 1.1832, valid_acc_emo: 74.32, valid_f1_emo: 71.47
test_loss: 1.4156, test_acc_emo: 66.05, test_f1_emo: 63.3, test_acc_sen: 73.14, test_f1_sen: 72.92, test_acc_sft: 68.2, test_f1_sft: 55.32, total time: 6.05 sec, 2025-05-23 16:52:18
----------------------------------------------------------------------------------------------------
epoch: 26, train_loss: 1.216, train_acc_emo: 73.53, train_f1_emo: 71.02, valid_loss: 1.1769, valid_acc_emo: 74.23, valid_f1_emo: 71.39
test_loss: 1.4143, test_acc_emo: 65.98, test_f1_emo: 63.32, test_acc_sen: 73.14, test_f1_sen: 72.93, test_acc_sft: 68.2, test_f1_sft: 55.32, total time: 6.93 sec, 2025-05-23 16:52:26
----------------------------------------------------------------------------------------------------
epoch: 27, train_loss: 1.2082, train_acc_emo: 73.71, train_f1_emo: 71.23, valid_loss: 1.1712, valid_acc_emo: 74.7, valid_f1_emo: 71.92
test_loss: 1.4132, test_acc_emo: 66.05, test_f1_emo: 63.48, test_acc_sen: 73.14, test_f1_sen: 72.93, test_acc_sft: 68.2, test_f1_sft: 55.32, total time: 5.85 sec, 2025-05-23 16:52:32
----------------------------------------------------------------------------------------------------
epoch: 28, train_loss: 1.2009, train_acc_emo: 73.9, train_f1_emo: 71.44, valid_loss: 1.166, valid_acc_emo: 74.79, valid_f1_emo: 72.0
test_loss: 1.4123, test_acc_emo: 66.21, test_f1_emo: 63.73, test_acc_sen: 73.26, test_f1_sen: 73.06, test_acc_sft: 68.19, test_f1_sft: 55.31, total time: 6.73 sec, 2025-05-23 16:52:39
----------------------------------------------------------------------------------------------------
epoch: 29, train_loss: 1.1939, train_acc_emo: 74.06, train_f1_emo: 71.65, valid_loss: 1.1612, valid_acc_emo: 75.07, valid_f1_emo: 72.35
test_loss: 1.4115, test_acc_emo: 66.09, test_f1_emo: 63.66, test_acc_sen: 73.18, test_f1_sen: 72.99, test_acc_sft: 68.17, test_f1_sft: 55.3, total time: 6.79 sec, 2025-05-23 16:52:46
----------------------------------------------------------------------------------------------------
epoch: 30, train_loss: 1.1872, train_acc_emo: 74.11, train_f1_emo: 71.74, valid_loss: 1.1567, valid_acc_emo: 75.16, valid_f1_emo: 72.49
test_loss: 1.4109, test_acc_emo: 66.13, test_f1_emo: 63.71, test_acc_sen: 73.33, test_f1_sen: 73.16, test_acc_sft: 68.17, test_f1_sft: 55.3, total time: 5.59 sec, 2025-05-23 16:52:52
----------------------------------------------------------------------------------------------------
              precision    recall  f1-score   support

           0     0.7471    0.8583    0.7988      1256
           1     0.5586    0.5765    0.5674       281
           2     0.0000    0.0000    0.0000        50
           3     0.5490    0.2692    0.3613       208
           4     0.6338    0.6244    0.6291       402
           5     0.0000    0.0000    0.0000        68
           6     0.4776    0.5246    0.5000       345

    accuracy                         0.6621      2610
   macro avg     0.4237    0.4076    0.4081      2610
weighted avg     0.6242    0.6621    0.6373      2610

[[1078   36    0   23   70    0   49]
 [  47  162    0    3   28    0   41]
 [  22    8    0    5    4    0   11]
 [  88   14    0   56   13    0   37]
 [  98   23    0    3  251    0   27]
 [  24    6    0    5    0    0   33]
 [  86   41    0    7   30    0  181]]
              precision    recall  f1-score   support

           0     0.7681    0.8177    0.7921      1256
           1     0.7022    0.6200    0.6585       521
           2     0.6913    0.6747    0.6829       833

    accuracy                         0.7326      2610
   macro avg     0.7205    0.7041    0.7112      2610
weighted avg     0.7304    0.7326    0.7306      2610

[[1027   67  162]
 [ 109  323   89]
 [ 201   70  562]]
----------------------------------------------------------------------------------------------------
epoch: 31, train_loss: 1.1808, train_acc_emo: 74.24, train_f1_emo: 71.87, valid_loss: 1.1527, valid_acc_emo: 75.26, valid_f1_emo: 72.6
test_loss: 1.4104, test_acc_emo: 66.09, test_f1_emo: 63.69, test_acc_sen: 73.3, test_f1_sen: 73.13, test_acc_sft: 68.16, test_f1_sft: 55.3, total time: 7.17 sec, 2025-05-23 16:52:59
----------------------------------------------------------------------------------------------------
epoch: 32, train_loss: 1.1745, train_acc_emo: 74.36, train_f1_emo: 72.01, valid_loss: 1.1488, valid_acc_emo: 75.35, valid_f1_emo: 72.73
test_loss: 1.41, test_acc_emo: 66.17, test_f1_emo: 63.78, test_acc_sen: 73.26, test_f1_sen: 73.09, test_acc_sft: 68.13, test_f1_sft: 55.28, total time: 6.07 sec, 2025-05-23 16:53:06
----------------------------------------------------------------------------------------------------
epoch: 33, train_loss: 1.1685, train_acc_emo: 74.49, train_f1_emo: 72.18, valid_loss: 1.1453, valid_acc_emo: 75.26, valid_f1_emo: 72.67
test_loss: 1.4096, test_acc_emo: 66.25, test_f1_emo: 63.89, test_acc_sen: 73.37, test_f1_sen: 73.21, test_acc_sft: 68.12, test_f1_sft: 55.28, total time: 7.43 sec, 2025-05-23 16:53:14
----------------------------------------------------------------------------------------------------
epoch: 34, train_loss: 1.1626, train_acc_emo: 74.52, train_f1_emo: 72.22, valid_loss: 1.1421, valid_acc_emo: 75.44, valid_f1_emo: 72.91
test_loss: 1.4093, test_acc_emo: 66.21, test_f1_emo: 63.89, test_acc_sen: 73.33, test_f1_sen: 73.18, test_acc_sft: 68.12, test_f1_sft: 55.28, total time: 6.7 sec, 2025-05-23 16:53:21
----------------------------------------------------------------------------------------------------
epoch: 35, train_loss: 1.1568, train_acc_emo: 74.62, train_f1_emo: 72.34, valid_loss: 1.139, valid_acc_emo: 75.35, valid_f1_emo: 72.84
test_loss: 1.4091, test_acc_emo: 66.17, test_f1_emo: 63.87, test_acc_sen: 73.41, test_f1_sen: 73.26, test_acc_sft: 68.12, test_f1_sft: 55.3, total time: 7.07 sec, 2025-05-23 16:53:28
----------------------------------------------------------------------------------------------------
epoch: 36, train_loss: 1.1511, train_acc_emo: 74.74, train_f1_emo: 72.5, valid_loss: 1.1361, valid_acc_emo: 75.35, valid_f1_emo: 72.85
test_loss: 1.4091, test_acc_emo: 66.28, test_f1_emo: 64.02, test_acc_sen: 73.41, test_f1_sen: 73.27, test_acc_sft: 68.12, test_f1_sft: 55.3, total time: 7.86 sec, 2025-05-23 16:53:36
----------------------------------------------------------------------------------------------------
epoch: 37, train_loss: 1.1455, train_acc_emo: 74.79, train_f1_emo: 72.56, valid_loss: 1.1334, valid_acc_emo: 75.44, valid_f1_emo: 72.96
test_loss: 1.409, test_acc_emo: 66.28, test_f1_emo: 64.03, test_acc_sen: 73.56, test_f1_sen: 73.43, test_acc_sft: 68.12, test_f1_sft: 55.3, total time: 6.36 sec, 2025-05-23 16:53:43
----------------------------------------------------------------------------------------------------
epoch: 38, train_loss: 1.14, train_acc_emo: 74.96, train_f1_emo: 72.81, valid_loss: 1.1309, valid_acc_emo: 75.63, valid_f1_emo: 73.15
test_loss: 1.409, test_acc_emo: 66.25, test_f1_emo: 63.99, test_acc_sen: 73.6, test_f1_sen: 73.48, test_acc_sft: 68.11, test_f1_sft: 55.32, total time: 7.12 sec, 2025-05-23 16:53:51
----------------------------------------------------------------------------------------------------
epoch: 39, train_loss: 1.1346, train_acc_emo: 75.04, train_f1_emo: 72.96, valid_loss: 1.1285, valid_acc_emo: 75.72, valid_f1_emo: 73.28
test_loss: 1.4091, test_acc_emo: 66.32, test_f1_emo: 64.06, test_acc_sen: 73.72, test_f1_sen: 73.6, test_acc_sft: 68.08, test_f1_sft: 55.31, total time: 6.3 sec, 2025-05-23 16:53:57
----------------------------------------------------------------------------------------------------
epoch: 40, train_loss: 1.1292, train_acc_emo: 75.14, train_f1_emo: 73.11, valid_loss: 1.1263, valid_acc_emo: 75.72, valid_f1_emo: 73.33
test_loss: 1.4093, test_acc_emo: 66.36, test_f1_emo: 64.12, test_acc_sen: 73.68, test_f1_sen: 73.56, test_acc_sft: 68.03, test_f1_sft: 55.28, total time: 7.32 sec, 2025-05-23 16:54:05
----------------------------------------------------------------------------------------------------
              precision    recall  f1-score   support

           0     0.7558    0.8503    0.8003      1256
           1     0.5570    0.5907    0.5734       281
           2     0.0000    0.0000    0.0000        50
           3     0.4918    0.2885    0.3636       208
           4     0.6545    0.6219    0.6378       402
           5     0.0000    0.0000    0.0000        68
           6     0.4759    0.5449    0.5081       345

    accuracy                         0.6636      2610
   macro avg     0.4193    0.4138    0.4119      2610
weighted avg     0.6266    0.6636    0.6412      2610

[[1068   38    0   28   65    0   57]
 [  44  166    0    4   28    0   39]
 [  20    6    0    9    5    0   10]
 [  86   14    0   60   11    0   37]
 [  92   25    0    4  250    0   31]
 [  24    6    0    5    0    0   33]
 [  79   43    0   12   23    0  188]]
              precision    recall  f1-score   support

           0     0.7792    0.8065    0.7926      1256
           1     0.7069    0.6296    0.6660       521
           2     0.6879    0.6987    0.6933       833

    accuracy                         0.7368      2610
   macro avg     0.7247    0.7116    0.7173      2610
weighted avg     0.7357    0.7368    0.7356      2610

[[1013   70  173]
 [ 102  328   91]
 [ 185   66  582]]
----------------------------------------------------------------------------------------------------
epoch: 41, train_loss: 1.1239, train_acc_emo: 75.25, train_f1_emo: 73.26, valid_loss: 1.1241, valid_acc_emo: 75.72, valid_f1_emo: 73.33
test_loss: 1.4096, test_acc_emo: 66.36, test_f1_emo: 64.13, test_acc_sen: 73.68, test_f1_sen: 73.57, test_acc_sft: 68.01, test_f1_sft: 55.28, total time: 5.94 sec, 2025-05-23 16:54:11
----------------------------------------------------------------------------------------------------
epoch: 42, train_loss: 1.1185, train_acc_emo: 75.33, train_f1_emo: 73.41, valid_loss: 1.1222, valid_acc_emo: 75.72, valid_f1_emo: 73.35
test_loss: 1.4099, test_acc_emo: 66.4, test_f1_emo: 64.17, test_acc_sen: 73.68, test_f1_sen: 73.57, test_acc_sft: 67.97, test_f1_sft: 55.26, total time: 6.98 sec, 2025-05-23 16:54:19
----------------------------------------------------------------------------------------------------
epoch: 43, train_loss: 1.1133, train_acc_emo: 75.47, train_f1_emo: 73.57, valid_loss: 1.1203, valid_acc_emo: 75.72, valid_f1_emo: 73.35
test_loss: 1.4102, test_acc_emo: 66.48, test_f1_emo: 64.24, test_acc_sen: 73.72, test_f1_sen: 73.61, test_acc_sft: 67.92, test_f1_sft: 55.23, total time: 7.18 sec, 2025-05-23 16:54:26
----------------------------------------------------------------------------------------------------
epoch: 44, train_loss: 1.108, train_acc_emo: 75.56, train_f1_emo: 73.66, valid_loss: 1.1185, valid_acc_emo: 75.72, valid_f1_emo: 73.38
test_loss: 1.4107, test_acc_emo: 66.48, test_f1_emo: 64.24, test_acc_sen: 73.79, test_f1_sen: 73.68, test_acc_sft: 67.89, test_f1_sft: 55.22, total time: 5.69 sec, 2025-05-23 16:54:32
----------------------------------------------------------------------------------------------------
epoch: 45, train_loss: 1.1027, train_acc_emo: 75.69, train_f1_emo: 73.84, valid_loss: 1.1168, valid_acc_emo: 75.72, valid_f1_emo: 73.38
test_loss: 1.4112, test_acc_emo: 66.4, test_f1_emo: 64.19, test_acc_sen: 73.91, test_f1_sen: 73.8, test_acc_sft: 67.88, test_f1_sft: 55.23, total time: 7.1 sec, 2025-05-23 16:54:40
----------------------------------------------------------------------------------------------------
epoch: 46, train_loss: 1.0975, train_acc_emo: 75.77, train_f1_emo: 73.97, valid_loss: 1.1152, valid_acc_emo: 75.72, valid_f1_emo: 73.53
test_loss: 1.4118, test_acc_emo: 66.44, test_f1_emo: 64.23, test_acc_sen: 73.87, test_f1_sen: 73.76, test_acc_sft: 67.82, test_f1_sft: 55.21, total time: 5.79 sec, 2025-05-23 16:54:46
----------------------------------------------------------------------------------------------------
epoch: 47, train_loss: 1.0922, train_acc_emo: 75.9, train_f1_emo: 74.14, valid_loss: 1.1136, valid_acc_emo: 75.72, valid_f1_emo: 73.56
test_loss: 1.4124, test_acc_emo: 66.55, test_f1_emo: 64.33, test_acc_sen: 73.91, test_f1_sen: 73.8, test_acc_sft: 67.76, test_f1_sft: 55.18, total time: 7.03 sec, 2025-05-23 16:54:53
----------------------------------------------------------------------------------------------------
epoch: 48, train_loss: 1.087, train_acc_emo: 75.98, train_f1_emo: 74.26, valid_loss: 1.1121, valid_acc_emo: 75.82, valid_f1_emo: 73.79
test_loss: 1.413, test_acc_emo: 66.67, test_f1_emo: 64.52, test_acc_sen: 73.98, test_f1_sen: 73.87, test_acc_sft: 67.74, test_f1_sft: 55.17, total time: 5.6 sec, 2025-05-23 16:54:59
----------------------------------------------------------------------------------------------------
epoch: 49, train_loss: 1.0817, train_acc_emo: 76.13, train_f1_emo: 74.47, valid_loss: 1.1106, valid_acc_emo: 75.82, valid_f1_emo: 73.79
test_loss: 1.4137, test_acc_emo: 66.7, test_f1_emo: 64.57, test_acc_sen: 73.98, test_f1_sen: 73.87, test_acc_sft: 67.7, test_f1_sft: 55.15, total time: 6.85 sec, 2025-05-23 16:55:06
----------------------------------------------------------------------------------------------------
epoch: 50, train_loss: 1.0765, train_acc_emo: 76.22, train_f1_emo: 74.6, valid_loss: 1.1091, valid_acc_emo: 75.82, valid_f1_emo: 73.79
test_loss: 1.4144, test_acc_emo: 66.67, test_f1_emo: 64.53, test_acc_sen: 73.98, test_f1_sen: 73.87, test_acc_sft: 67.68, test_f1_sft: 55.14, total time: 5.47 sec, 2025-05-23 16:55:12
----------------------------------------------------------------------------------------------------
              precision    recall  f1-score   support

           0     0.7533    0.8511    0.7993      1256
           1     0.5739    0.5943    0.5839       281
           2     0.0000    0.0000    0.0000        50
           3     0.5039    0.3077    0.3821       208
           4     0.6722    0.6070    0.6379       402
           5     1.0000    0.0147    0.0290        68
           6     0.4792    0.5681    0.5199       345

    accuracy                         0.6670      2610
   macro avg     0.5689    0.4204    0.4217      2610
weighted avg     0.6574    0.6670    0.6457      2610

[[1069   36    0   29   62    0   60]
 [  43  167    0    4   25    0   42]
 [  23    5    0    9    3    0   10]
 [  85   12    0   64   10    0   37]
 [  97   25    0    4  244    0   32]
 [  24    6    0    5    0    1   32]
 [  78   40    0   12   19    0  196]]
              precision    recall  f1-score   support

           0     0.7821    0.8057    0.7937      1256
           1     0.7168    0.6219    0.6660       521
           2     0.6887    0.7143    0.7012       833

    accuracy                         0.7398      2610
   macro avg     0.7292    0.7140    0.7203      2610
weighted avg     0.7392    0.7398    0.7387      2610

[[1012   70  174]
 [ 102  324   95]
 [ 180   58  595]]
----------------------------------------------------------------------------------------------------
epoch: 51, train_loss: 1.0712, train_acc_emo: 76.33, train_f1_emo: 74.74, valid_loss: 1.1076, valid_acc_emo: 75.72, valid_f1_emo: 73.69
test_loss: 1.4152, test_acc_emo: 66.78, test_f1_emo: 64.66, test_acc_sen: 73.95, test_f1_sen: 73.84, test_acc_sft: 67.6, test_f1_sft: 55.15, total time: 7.01 sec, 2025-05-23 16:55:19
----------------------------------------------------------------------------------------------------
epoch: 52, train_loss: 1.0659, train_acc_emo: 76.45, train_f1_emo: 74.9, valid_loss: 1.1061, valid_acc_emo: 75.54, valid_f1_emo: 73.5
test_loss: 1.416, test_acc_emo: 66.9, test_f1_emo: 64.87, test_acc_sen: 73.91, test_f1_sen: 73.79, test_acc_sft: 67.49, test_f1_sft: 55.09, total time: 5.91 sec, 2025-05-23 16:55:26
----------------------------------------------------------------------------------------------------
epoch: 53, train_loss: 1.0606, train_acc_emo: 76.59, train_f1_emo: 75.09, valid_loss: 1.1046, valid_acc_emo: 75.72, valid_f1_emo: 73.76
test_loss: 1.4168, test_acc_emo: 66.86, test_f1_emo: 64.83, test_acc_sen: 73.91, test_f1_sen: 73.79, test_acc_sft: 67.41, test_f1_sft: 55.05, total time: 6.99 sec, 2025-05-23 16:55:33
----------------------------------------------------------------------------------------------------
epoch: 54, train_loss: 1.0552, train_acc_emo: 76.78, train_f1_emo: 75.33, valid_loss: 1.1031, valid_acc_emo: 75.72, valid_f1_emo: 73.74
test_loss: 1.4176, test_acc_emo: 66.82, test_f1_emo: 64.8, test_acc_sen: 73.98, test_f1_sen: 73.86, test_acc_sft: 67.31, test_f1_sft: 55.03, total time: 7.26 sec, 2025-05-23 16:55:41
----------------------------------------------------------------------------------------------------
epoch: 55, train_loss: 1.0497, train_acc_emo: 76.93, train_f1_emo: 75.48, valid_loss: 1.1015, valid_acc_emo: 75.82, valid_f1_emo: 73.82
test_loss: 1.4184, test_acc_emo: 66.82, test_f1_emo: 64.81, test_acc_sen: 73.91, test_f1_sen: 73.78, test_acc_sft: 67.23, test_f1_sft: 55.01, total time: 5.99 sec, 2025-05-23 16:55:47
----------------------------------------------------------------------------------------------------
epoch: 56, train_loss: 1.0442, train_acc_emo: 77.17, train_f1_emo: 75.79, valid_loss: 1.0997, valid_acc_emo: 75.82, valid_f1_emo: 73.82
test_loss: 1.4192, test_acc_emo: 66.82, test_f1_emo: 64.81, test_acc_sen: 73.95, test_f1_sen: 73.82, test_acc_sft: 67.18, test_f1_sft: 55.01, total time: 7.14 sec, 2025-05-23 16:55:55
----------------------------------------------------------------------------------------------------
epoch: 57, train_loss: 1.0386, train_acc_emo: 77.32, train_f1_emo: 75.97, valid_loss: 1.0981, valid_acc_emo: 75.82, valid_f1_emo: 73.84
test_loss: 1.4203, test_acc_emo: 66.86, test_f1_emo: 64.83, test_acc_sen: 73.79, test_f1_sen: 73.65, test_acc_sft: 67.14, test_f1_sft: 55.02, total time: 6.05 sec, 2025-05-23 16:56:01
----------------------------------------------------------------------------------------------------
epoch: 58, train_loss: 1.033, train_acc_emo: 77.45, train_f1_emo: 76.15, valid_loss: 1.0964, valid_acc_emo: 75.82, valid_f1_emo: 73.83
test_loss: 1.4214, test_acc_emo: 66.78, test_f1_emo: 64.72, test_acc_sen: 73.64, test_f1_sen: 73.49, test_acc_sft: 67.11, test_f1_sft: 55.0, total time: 7.09 sec, 2025-05-23 16:56:08
----------------------------------------------------------------------------------------------------
epoch: 59, train_loss: 1.0272, train_acc_emo: 77.58, train_f1_emo: 76.32, valid_loss: 1.0948, valid_acc_emo: 75.91, valid_f1_emo: 73.91
test_loss: 1.4226, test_acc_emo: 66.86, test_f1_emo: 64.78, test_acc_sen: 73.6, test_f1_sen: 73.45, test_acc_sft: 67.02, test_f1_sft: 54.96, total time: 6.13 sec, 2025-05-23 16:56:15
----------------------------------------------------------------------------------------------------
epoch: 60, train_loss: 1.0213, train_acc_emo: 77.72, train_f1_emo: 76.48, valid_loss: 1.093, valid_acc_emo: 75.91, valid_f1_emo: 73.88
test_loss: 1.424, test_acc_emo: 66.82, test_f1_emo: 64.71, test_acc_sen: 73.68, test_f1_sen: 73.51, test_acc_sft: 66.91, test_f1_sft: 54.9, total time: 6.93 sec, 2025-05-23 16:56:22
----------------------------------------------------------------------------------------------------
              precision    recall  f1-score   support

           0     0.7537    0.8527    0.8001      1256
           1     0.5759    0.5943    0.5849       281
           2     0.0000    0.0000    0.0000        50
           3     0.5078    0.3125    0.3869       208
           4     0.6797    0.6070    0.6413       402
           5     0.7500    0.0441    0.0833        68
           6     0.4816    0.5681    0.5213       345

    accuracy                         0.6690      2610
   macro avg     0.5355    0.4255    0.4311      2610
weighted avg     0.6530    0.6690    0.6487      2610

[[1071   36    1   29   60    0   59]
 [  43  167    0    4   25    0   42]
 [  23    5    0    9    3    0   10]
 [  85   12    0   65    9    0   37]
 [  96   24    0    4  244    1   33]
 [  24    6    0    5    0    3   30]
 [  79   40    0   12   18    0  196]]
              precision    recall  f1-score   support

           0     0.7807    0.8049    0.7926      1256
           1     0.7152    0.6219    0.6653       521
           2     0.6891    0.7131    0.7009       833

    accuracy                         0.7391      2610
   macro avg     0.7283    0.7133    0.7196      2610
weighted avg     0.7384    0.7391    0.7379      2610

[[1011   71  174]
 [ 103  324   94]
 [ 181   58  594]]
----------------------------------------------------------------------------------------------------
epoch: 61, train_loss: 1.0153, train_acc_emo: 77.78, train_f1_emo: 76.55, valid_loss: 1.0916, valid_acc_emo: 76.28, valid_f1_emo: 74.18
test_loss: 1.4258, test_acc_emo: 66.78, test_f1_emo: 64.69, test_acc_sen: 73.6, test_f1_sen: 73.43, test_acc_sft: 66.94, test_f1_sft: 54.92, total time: 7.75 sec, 2025-05-23 16:56:30
----------------------------------------------------------------------------------------------------
epoch: 62, train_loss: 1.0092, train_acc_emo: 77.89, train_f1_emo: 76.69, valid_loss: 1.0902, valid_acc_emo: 76.28, valid_f1_emo: 74.18
test_loss: 1.4276, test_acc_emo: 66.63, test_f1_emo: 64.55, test_acc_sen: 73.56, test_f1_sen: 73.4, test_acc_sft: 66.95, test_f1_sft: 54.92, total time: 6.87 sec, 2025-05-23 16:56:37
----------------------------------------------------------------------------------------------------
epoch: 63, train_loss: 1.0032, train_acc_emo: 78.02, train_f1_emo: 76.85, valid_loss: 1.0891, valid_acc_emo: 76.47, valid_f1_emo: 74.54
test_loss: 1.4298, test_acc_emo: 66.59, test_f1_emo: 64.51, test_acc_sen: 73.56, test_f1_sen: 73.39, test_acc_sft: 67.01, test_f1_sft: 54.93, total time: 7.68 sec, 2025-05-23 16:56:45
----------------------------------------------------------------------------------------------------
epoch: 64, train_loss: 0.9972, train_acc_emo: 78.2, train_f1_emo: 77.05, valid_loss: 1.0882, valid_acc_emo: 76.38, valid_f1_emo: 74.43
test_loss: 1.4321, test_acc_emo: 66.59, test_f1_emo: 64.51, test_acc_sen: 73.3, test_f1_sen: 73.11, test_acc_sft: 67.09, test_f1_sft: 54.97, total time: 6.54 sec, 2025-05-23 16:56:52
----------------------------------------------------------------------------------------------------
epoch: 65, train_loss: 0.9913, train_acc_emo: 78.45, train_f1_emo: 77.31, valid_loss: 1.0873, valid_acc_emo: 76.47, valid_f1_emo: 74.47
test_loss: 1.4346, test_acc_emo: 66.63, test_f1_emo: 64.56, test_acc_sen: 73.33, test_f1_sen: 73.15, test_acc_sft: 67.13, test_f1_sft: 54.99, total time: 8.08 sec, 2025-05-23 16:57:01
----------------------------------------------------------------------------------------------------
epoch: 66, train_loss: 0.9854, train_acc_emo: 78.56, train_f1_emo: 77.44, valid_loss: 1.0867, valid_acc_emo: 76.1, valid_f1_emo: 74.1
test_loss: 1.437, test_acc_emo: 66.7, test_f1_emo: 64.63, test_acc_sen: 73.22, test_f1_sen: 73.04, test_acc_sft: 67.25, test_f1_sft: 55.05, total time: 7.6 sec, 2025-05-23 16:57:09
----------------------------------------------------------------------------------------------------
epoch: 67, train_loss: 0.9797, train_acc_emo: 78.63, train_f1_emo: 77.54, valid_loss: 1.0862, valid_acc_emo: 76.19, valid_f1_emo: 74.12
test_loss: 1.4393, test_acc_emo: 66.82, test_f1_emo: 64.84, test_acc_sen: 73.18, test_f1_sen: 72.99, test_acc_sft: 67.26, test_f1_sft: 55.03, total time: 6.35 sec, 2025-05-23 16:57:15
----------------------------------------------------------------------------------------------------
epoch: 68, train_loss: 0.9742, train_acc_emo: 78.82, train_f1_emo: 77.76, valid_loss: 1.0858, valid_acc_emo: 76.1, valid_f1_emo: 74.12
test_loss: 1.4418, test_acc_emo: 66.7, test_f1_emo: 64.72, test_acc_sen: 73.26, test_f1_sen: 73.07, test_acc_sft: 67.3, test_f1_sft: 55.05, total time: 7.36 sec, 2025-05-23 16:57:23
----------------------------------------------------------------------------------------------------
epoch: 69, train_loss: 0.9688, train_acc_emo: 78.97, train_f1_emo: 77.93, valid_loss: 1.0854, valid_acc_emo: 76.1, valid_f1_emo: 74.12
test_loss: 1.4442, test_acc_emo: 66.7, test_f1_emo: 64.75, test_acc_sen: 73.18, test_f1_sen: 72.99, test_acc_sft: 67.3, test_f1_sft: 55.05, total time: 5.94 sec, 2025-05-23 16:57:29
----------------------------------------------------------------------------------------------------
epoch: 70, train_loss: 0.9635, train_acc_emo: 79.05, train_f1_emo: 78.02, valid_loss: 1.0852, valid_acc_emo: 76.28, valid_f1_emo: 74.27
test_loss: 1.4467, test_acc_emo: 66.7, test_f1_emo: 64.74, test_acc_sen: 73.18, test_f1_sen: 72.98, test_acc_sft: 67.29, test_f1_sft: 55.04, total time: 7.07 sec, 2025-05-23 16:57:37
----------------------------------------------------------------------------------------------------
              precision    recall  f1-score   support

           0     0.7537    0.8527    0.8001      1256
           1     0.5759    0.5943    0.5849       281
           2     0.0000    0.0000    0.0000        50
           3     0.5078    0.3125    0.3869       208
           4     0.6797    0.6070    0.6413       402
           5     0.7500    0.0441    0.0833        68
           6     0.4816    0.5681    0.5213       345

    accuracy                         0.6690      2610
   macro avg     0.5355    0.4255    0.4311      2610
weighted avg     0.6530    0.6690    0.6487      2610

[[1071   36    1   29   60    0   59]
 [  43  167    0    4   25    0   42]
 [  23    5    0    9    3    0   10]
 [  85   12    0   65    9    0   37]
 [  96   24    0    4  244    1   33]
 [  24    6    0    5    0    3   30]
 [  79   40    0   12   18    0  196]]
              precision    recall  f1-score   support

           0     0.7807    0.8049    0.7926      1256
           1     0.7152    0.6219    0.6653       521
           2     0.6891    0.7131    0.7009       833

    accuracy                         0.7391      2610
   macro avg     0.7283    0.7133    0.7196      2610
weighted avg     0.7384    0.7391    0.7379      2610

[[1011   71  174]
 [ 103  324   94]
 [ 181   58  594]]
----------------------------------------------------------------------------------------------------
epoch: 71, train_loss: 0.9583, train_acc_emo: 79.17, train_f1_emo: 78.16, valid_loss: 1.0848, valid_acc_emo: 76.38, valid_f1_emo: 74.46
test_loss: 1.4489, test_acc_emo: 66.63, test_f1_emo: 64.64, test_acc_sen: 73.18, test_f1_sen: 72.98, test_acc_sft: 67.29, test_f1_sft: 55.04, total time: 7.04 sec, 2025-05-23 16:57:44
----------------------------------------------------------------------------------------------------
epoch: 72, train_loss: 0.9532, train_acc_emo: 79.32, train_f1_emo: 78.32, valid_loss: 1.0844, valid_acc_emo: 76.38, valid_f1_emo: 74.46
test_loss: 1.4511, test_acc_emo: 66.7, test_f1_emo: 64.69, test_acc_sen: 73.22, test_f1_sen: 73.02, test_acc_sft: 67.27, test_f1_sft: 55.03, total time: 5.86 sec, 2025-05-23 16:57:50
----------------------------------------------------------------------------------------------------
epoch: 73, train_loss: 0.9481, train_acc_emo: 79.51, train_f1_emo: 78.52, valid_loss: 1.0841, valid_acc_emo: 76.28, valid_f1_emo: 74.32
test_loss: 1.4534, test_acc_emo: 66.78, test_f1_emo: 64.76, test_acc_sen: 73.26, test_f1_sen: 73.06, test_acc_sft: 67.22, test_f1_sft: 55.01, total time: 7.21 sec, 2025-05-23 16:57:58
----------------------------------------------------------------------------------------------------
epoch: 74, train_loss: 0.9431, train_acc_emo: 79.64, train_f1_emo: 78.65, valid_loss: 1.0837, valid_acc_emo: 76.28, valid_f1_emo: 74.3
test_loss: 1.4553, test_acc_emo: 66.9, test_f1_emo: 64.91, test_acc_sen: 73.26, test_f1_sen: 73.06, test_acc_sft: 67.22, test_f1_sft: 55.03, total time: 5.76 sec, 2025-05-23 16:58:04
----------------------------------------------------------------------------------------------------
epoch: 75, train_loss: 0.9381, train_acc_emo: 79.75, train_f1_emo: 78.79, valid_loss: 1.0835, valid_acc_emo: 76.28, valid_f1_emo: 74.29
test_loss: 1.4577, test_acc_emo: 66.9, test_f1_emo: 64.92, test_acc_sen: 73.07, test_f1_sen: 72.86, test_acc_sft: 67.21, test_f1_sft: 55.05, total time: 6.95 sec, 2025-05-23 16:58:11
----------------------------------------------------------------------------------------------------
epoch: 76, train_loss: 0.9332, train_acc_emo: 79.93, train_f1_emo: 79.0, valid_loss: 1.0832, valid_acc_emo: 76.28, valid_f1_emo: 74.37
test_loss: 1.4597, test_acc_emo: 66.97, test_f1_emo: 65.02, test_acc_sen: 73.07, test_f1_sen: 72.86, test_acc_sft: 67.21, test_f1_sft: 55.05, total time: 5.86 sec, 2025-05-23 16:58:18
----------------------------------------------------------------------------------------------------
epoch: 77, train_loss: 0.9284, train_acc_emo: 80.16, train_f1_emo: 79.24, valid_loss: 1.0829, valid_acc_emo: 76.28, valid_f1_emo: 74.34
test_loss: 1.4617, test_acc_emo: 66.93, test_f1_emo: 64.98, test_acc_sen: 73.03, test_f1_sen: 72.82, test_acc_sft: 67.22, test_f1_sft: 55.06, total time: 7.46 sec, 2025-05-23 16:58:25
----------------------------------------------------------------------------------------------------
epoch: 78, train_loss: 0.9236, train_acc_emo: 80.24, train_f1_emo: 79.33, valid_loss: 1.0828, valid_acc_emo: 76.28, valid_f1_emo: 74.34
test_loss: 1.4639, test_acc_emo: 66.93, test_f1_emo: 64.96, test_acc_sen: 73.03, test_f1_sen: 72.82, test_acc_sft: 67.22, test_f1_sft: 55.06, total time: 7.03 sec, 2025-05-23 16:58:33
----------------------------------------------------------------------------------------------------
epoch: 79, train_loss: 0.9188, train_acc_emo: 80.41, train_f1_emo: 79.53, valid_loss: 1.0825, valid_acc_emo: 76.1, valid_f1_emo: 74.09
test_loss: 1.4659, test_acc_emo: 66.93, test_f1_emo: 64.95, test_acc_sen: 72.99, test_f1_sen: 72.78, test_acc_sft: 67.21, test_f1_sft: 55.05, total time: 5.73 sec, 2025-05-23 16:58:39
----------------------------------------------------------------------------------------------------
epoch: 80, train_loss: 0.914, train_acc_emo: 80.55, train_f1_emo: 79.67, valid_loss: 1.0823, valid_acc_emo: 76.1, valid_f1_emo: 74.09
test_loss: 1.468, test_acc_emo: 66.93, test_f1_emo: 64.95, test_acc_sen: 73.07, test_f1_sen: 72.85, test_acc_sft: 67.13, test_f1_sft: 55.03, total time: 6.82 sec, 2025-05-23 16:58:46
----------------------------------------------------------------------------------------------------
              precision    recall  f1-score   support

           0     0.7291    0.8766    0.7961      1256
           1     0.5745    0.5765    0.5755       281
           2     0.3846    0.1000    0.1587        50
           3     0.5079    0.3077    0.3832       208
           4     0.7048    0.5821    0.6376       402
           5     0.4737    0.1324    0.2069        68
           6     0.5274    0.5014    0.5141       345

    accuracy                         0.6697      2610
   macro avg     0.5574    0.4395    0.4675      2610
weighted avg     0.6512    0.6697    0.6502      2610

[[1101   34    3   28   48    0   42]
 [  53  162    1    4   24    3   34]
 [  25    4    5    7    2    0    7]
 [  92   12    2   64    7    2   29]
 [ 114   24    1    5  234    1   23]
 [  27    6    0    6    0    9   20]
 [  98   40    1   12   17    4  173]]
              precision    recall  f1-score   support

           0     0.7647    0.8201    0.7914      1256
           1     0.6740    0.6430    0.6582       521
           2     0.7076    0.6507    0.6779       833

    accuracy                         0.7307      2610
   macro avg     0.7154    0.7046    0.7092      2610
weighted avg     0.7284    0.7307    0.7286      2610

[[1030   80  146]
 [ 108  335   78]
 [ 209   82  542]]
----------------------------------------------------------------------------------------------------
epoch: 81, train_loss: 0.9093, train_acc_emo: 80.68, train_f1_emo: 79.82, valid_loss: 1.0822, valid_acc_emo: 76.19, valid_f1_emo: 74.24
test_loss: 1.4702, test_acc_emo: 67.09, test_f1_emo: 65.08, test_acc_sen: 73.07, test_f1_sen: 72.85, test_acc_sft: 67.11, test_f1_sft: 55.03, total time: 5.74 sec, 2025-05-23 16:58:52
----------------------------------------------------------------------------------------------------
epoch: 82, train_loss: 0.9047, train_acc_emo: 80.8, train_f1_emo: 79.95, valid_loss: 1.0818, valid_acc_emo: 76.28, valid_f1_emo: 74.42
test_loss: 1.4722, test_acc_emo: 67.05, test_f1_emo: 65.03, test_acc_sen: 73.07, test_f1_sen: 72.85, test_acc_sft: 67.07, test_f1_sft: 55.01, total time: 7.22 sec, 2025-05-23 16:59:00
----------------------------------------------------------------------------------------------------
epoch: 83, train_loss: 0.9001, train_acc_emo: 80.93, train_f1_emo: 80.1, valid_loss: 1.0818, valid_acc_emo: 76.47, valid_f1_emo: 74.66
test_loss: 1.4745, test_acc_emo: 67.01, test_f1_emo: 64.98, test_acc_sen: 73.03, test_f1_sen: 72.81, test_acc_sft: 67.05, test_f1_sft: 54.99, total time: 5.61 sec, 2025-05-23 16:59:06
----------------------------------------------------------------------------------------------------
epoch: 84, train_loss: 0.8955, train_acc_emo: 81.09, train_f1_emo: 80.27, valid_loss: 1.0816, valid_acc_emo: 76.56, valid_f1_emo: 74.82
test_loss: 1.4766, test_acc_emo: 67.01, test_f1_emo: 64.98, test_acc_sen: 73.1, test_f1_sen: 72.88, test_acc_sft: 67.01, test_f1_sft: 54.97, total time: 7.05 sec, 2025-05-23 16:59:13
----------------------------------------------------------------------------------------------------
epoch: 85, train_loss: 0.891, train_acc_emo: 81.21, train_f1_emo: 80.41, valid_loss: 1.0812, valid_acc_emo: 76.47, valid_f1_emo: 74.72
test_loss: 1.4783, test_acc_emo: 67.05, test_f1_emo: 65.01, test_acc_sen: 73.1, test_f1_sen: 72.88, test_acc_sft: 66.99, test_f1_sft: 54.97, total time: 5.61 sec, 2025-05-23 16:59:19
----------------------------------------------------------------------------------------------------
epoch: 86, train_loss: 0.8866, train_acc_emo: 81.34, train_f1_emo: 80.55, valid_loss: 1.0812, valid_acc_emo: 76.47, valid_f1_emo: 74.72
test_loss: 1.4807, test_acc_emo: 66.93, test_f1_emo: 64.87, test_acc_sen: 73.07, test_f1_sen: 72.84, test_acc_sft: 66.97, test_f1_sft: 54.95, total time: 6.92 sec, 2025-05-23 16:59:26
----------------------------------------------------------------------------------------------------
epoch: 87, train_loss: 0.8821, train_acc_emo: 81.49, train_f1_emo: 80.71, valid_loss: 1.081, valid_acc_emo: 76.56, valid_f1_emo: 74.81
test_loss: 1.4828, test_acc_emo: 66.97, test_f1_emo: 64.9, test_acc_sen: 73.03, test_f1_sen: 72.8, test_acc_sft: 66.95, test_f1_sft: 54.97, total time: 6.35 sec, 2025-05-23 16:59:33
----------------------------------------------------------------------------------------------------
epoch: 88, train_loss: 0.8778, train_acc_emo: 81.6, train_f1_emo: 80.82, valid_loss: 1.0808, valid_acc_emo: 76.66, valid_f1_emo: 74.91
test_loss: 1.4848, test_acc_emo: 67.01, test_f1_emo: 64.94, test_acc_sen: 72.99, test_f1_sen: 72.75, test_acc_sft: 66.95, test_f1_sft: 54.97, total time: 6.39 sec, 2025-05-23 16:59:40
----------------------------------------------------------------------------------------------------
epoch: 89, train_loss: 0.8734, train_acc_emo: 81.68, train_f1_emo: 80.91, valid_loss: 1.0807, valid_acc_emo: 76.66, valid_f1_emo: 74.91
test_loss: 1.487, test_acc_emo: 67.01, test_f1_emo: 64.94, test_acc_sen: 72.91, test_f1_sen: 72.66, test_acc_sft: 66.9, test_f1_sft: 54.94, total time: 6.88 sec, 2025-05-23 16:59:47
----------------------------------------------------------------------------------------------------
epoch: 90, train_loss: 0.8691, train_acc_emo: 81.75, train_f1_emo: 80.98, valid_loss: 1.0807, valid_acc_emo: 76.66, valid_f1_emo: 74.91
test_loss: 1.4892, test_acc_emo: 67.05, test_f1_emo: 64.98, test_acc_sen: 72.87, test_f1_sen: 72.62, test_acc_sft: 66.9, test_f1_sft: 54.94, total time: 5.82 sec, 2025-05-23 16:59:53
----------------------------------------------------------------------------------------------------
              precision    recall  f1-score   support

           0     0.7241    0.8798    0.7944      1256
           1     0.5780    0.5801    0.5790       281
           2     0.3846    0.1000    0.1587        50
           3     0.5161    0.3077    0.3855       208
           4     0.7156    0.5821    0.6420       402
           5     0.4500    0.1324    0.2045        68
           6     0.5377    0.4957    0.5158       345

    accuracy                         0.6709      2610
   macro avg     0.5580    0.4397    0.4686      2610
weighted avg     0.6522    0.6709    0.6508      2610

[[1105   34    3   28   45    0   41]
 [  56  163    1    4   23    3   31]
 [  25    4    5    7    2    0    7]
 [  94   12    2   64    6    2   28]
 [ 116   24    1    5  234    1   21]
 [  28    6    0    6    0    9   19]
 [ 102   39    1   10   17    5  171]]
              precision    recall  f1-score   support

           0     0.7633    0.8217    0.7914      1256
           1     0.6733    0.6449    0.6588       521
           2     0.7101    0.6471    0.6771       833

    accuracy                         0.7307      2610
   macro avg     0.7156    0.7045    0.7091      2610
weighted avg     0.7284    0.7307    0.7285      2610

[[1032   81  143]
 [ 108  336   77]
 [ 212   82  539]]
----------------------------------------------------------------------------------------------------
epoch: 91, train_loss: 0.8648, train_acc_emo: 81.89, train_f1_emo: 81.13, valid_loss: 1.0806, valid_acc_emo: 76.75, valid_f1_emo: 74.99
test_loss: 1.4914, test_acc_emo: 67.05, test_f1_emo: 64.98, test_acc_sen: 72.91, test_f1_sen: 72.66, test_acc_sft: 66.89, test_f1_sft: 54.96, total time: 7.19 sec, 2025-05-23 17:00:01
----------------------------------------------------------------------------------------------------
epoch: 92, train_loss: 0.8605, train_acc_emo: 81.99, train_f1_emo: 81.23, valid_loss: 1.0804, valid_acc_emo: 76.75, valid_f1_emo: 74.99
test_loss: 1.4933, test_acc_emo: 67.05, test_f1_emo: 64.97, test_acc_sen: 72.91, test_f1_sen: 72.65, test_acc_sft: 66.85, test_f1_sft: 54.94, total time: 5.76 sec, 2025-05-23 17:00:07
----------------------------------------------------------------------------------------------------
epoch: 93, train_loss: 0.8563, train_acc_emo: 82.13, train_f1_emo: 81.37, valid_loss: 1.08, valid_acc_emo: 76.66, valid_f1_emo: 74.92
test_loss: 1.4953, test_acc_emo: 67.05, test_f1_emo: 64.98, test_acc_sen: 72.91, test_f1_sen: 72.65, test_acc_sft: 66.87, test_f1_sft: 55.0, total time: 7.09 sec, 2025-05-23 17:00:14
----------------------------------------------------------------------------------------------------
epoch: 94, train_loss: 0.8521, train_acc_emo: 82.23, train_f1_emo: 81.47, valid_loss: 1.0798, valid_acc_emo: 76.66, valid_f1_emo: 74.92
test_loss: 1.4974, test_acc_emo: 67.05, test_f1_emo: 64.98, test_acc_sen: 72.95, test_f1_sen: 72.69, test_acc_sft: 66.79, test_f1_sft: 54.98, total time: 5.71 sec, 2025-05-23 17:00:20
----------------------------------------------------------------------------------------------------
epoch: 95, train_loss: 0.848, train_acc_emo: 82.29, train_f1_emo: 81.54, valid_loss: 1.0796, valid_acc_emo: 76.66, valid_f1_emo: 74.92
test_loss: 1.4996, test_acc_emo: 67.05, test_f1_emo: 64.98, test_acc_sen: 72.95, test_f1_sen: 72.69, test_acc_sft: 66.77, test_f1_sft: 54.97, total time: 7.07 sec, 2025-05-23 17:00:27
----------------------------------------------------------------------------------------------------
epoch: 96, train_loss: 0.8439, train_acc_emo: 82.41, train_f1_emo: 81.68, valid_loss: 1.0795, valid_acc_emo: 76.66, valid_f1_emo: 74.91
test_loss: 1.5018, test_acc_emo: 67.09, test_f1_emo: 65.01, test_acc_sen: 72.99, test_f1_sen: 72.73, test_acc_sft: 66.74, test_f1_sft: 55.0, total time: 7.1 sec, 2025-05-23 17:00:35
----------------------------------------------------------------------------------------------------
epoch: 97, train_loss: 0.8397, train_acc_emo: 82.5, train_f1_emo: 81.77, valid_loss: 1.0794, valid_acc_emo: 76.56, valid_f1_emo: 74.79
test_loss: 1.5038, test_acc_emo: 67.01, test_f1_emo: 64.93, test_acc_sen: 72.99, test_f1_sen: 72.73, test_acc_sft: 66.68, test_f1_sft: 54.97, total time: 5.99 sec, 2025-05-23 17:00:41
----------------------------------------------------------------------------------------------------
epoch: 98, train_loss: 0.8357, train_acc_emo: 82.64, train_f1_emo: 81.92, valid_loss: 1.0792, valid_acc_emo: 76.56, valid_f1_emo: 74.79
test_loss: 1.5059, test_acc_emo: 66.97, test_f1_emo: 64.9, test_acc_sen: 72.95, test_f1_sen: 72.69, test_acc_sft: 66.62, test_f1_sft: 55.01, total time: 6.85 sec, 2025-05-23 17:00:48
----------------------------------------------------------------------------------------------------
epoch: 99, train_loss: 0.8316, train_acc_emo: 82.73, train_f1_emo: 82.02, valid_loss: 1.0791, valid_acc_emo: 76.56, valid_f1_emo: 74.8
test_loss: 1.5081, test_acc_emo: 66.97, test_f1_emo: 64.92, test_acc_sen: 72.95, test_f1_sen: 72.69, test_acc_sft: 66.58, test_f1_sft: 54.98, total time: 5.65 sec, 2025-05-23 17:00:54
----------------------------------------------------------------------------------------------------
epoch: 100, train_loss: 0.8275, train_acc_emo: 82.87, train_f1_emo: 82.19, valid_loss: 1.079, valid_acc_emo: 76.56, valid_f1_emo: 74.8
test_loss: 1.5102, test_acc_emo: 67.01, test_f1_emo: 64.96, test_acc_sen: 72.95, test_f1_sen: 72.69, test_acc_sft: 66.56, test_f1_sft: 55.05, total time: 6.93 sec, 2025-05-23 17:01:02
----------------------------------------------------------------------------------------------------
              precision    recall  f1-score   support

           0     0.7241    0.8798    0.7944      1256
           1     0.5780    0.5801    0.5790       281
           2     0.3846    0.1000    0.1587        50
           3     0.5161    0.3077    0.3855       208
           4     0.7156    0.5821    0.6420       402
           5     0.4500    0.1324    0.2045        68
           6     0.5377    0.4957    0.5158       345

    accuracy                         0.6709      2610
   macro avg     0.5580    0.4397    0.4686      2610
weighted avg     0.6522    0.6709    0.6508      2610

[[1105   34    3   28   45    0   41]
 [  56  163    1    4   23    3   31]
 [  25    4    5    7    2    0    7]
 [  94   12    2   64    6    2   28]
 [ 116   24    1    5  234    1   21]
 [  28    6    0    6    0    9   19]
 [ 102   39    1   10   17    5  171]]
              precision    recall  f1-score   support

           0     0.7633    0.8217    0.7914      1256
           1     0.6733    0.6449    0.6588       521
           2     0.7101    0.6471    0.6771       833

    accuracy                         0.7307      2610
   macro avg     0.7156    0.7045    0.7091      2610
weighted avg     0.7284    0.7307    0.7285      2610

[[1032   81  143]
 [ 108  336   77]
 [ 212   82  539]]
----------------------------------------------------------------------------------------------------
Test performance..
Acc: 67.09, F-Score: 65.08
              precision    recall  f1-score   support

           0     0.7241    0.8798    0.7944      1256
           1     0.5780    0.5801    0.5790       281
           2     0.3846    0.1000    0.1587        50
           3     0.5161    0.3077    0.3855       208
           4     0.7156    0.5821    0.6420       402
           5     0.4500    0.1324    0.2045        68
           6     0.5377    0.4957    0.5158       345

    accuracy                         0.6709      2610
   macro avg     0.5580    0.4397    0.4686      2610
weighted avg     0.6522    0.6709    0.6508      2610

[[1105   34    3   28   45    0   41]
 [  56  163    1    4   23    3   31]
 [  25    4    5    7    2    0    7]
 [  94   12    2   64    6    2   28]
 [ 116   24    1    5  234    1   21]
 [  28    6    0    6    0    9   19]
 [ 102   39    1   10   17    5  171]]
